---
source: crates/mtree2/tests/snapshots.rs
expression: entries
---
[
    Ok(
        Entry {
            path: "/.",
            params: Params {
                checksum: None,
                device: None,
                contents: None,
                flags: Some(
                    [
                        110,
                        111,
                        110,
                        101,
                    ],
                ),
                gid: Some(
                    1000,
                ),
                gname: None,
                ignore: false,
                inode: None,
                link: None,
                md5: None,
                mode: Some(
                    FileMode {
                        mode: 509,
                    },
                ),
                nlink: Some(
                    5,
                ),
                no_change: false,
                optional: false,
                resident_device: None,
                rmd160: None,
                sha1: None,
                sha256: None,
                sha384: None,
                sha512: None,
                size: Some(
                    4096,
                ),
                time: Some(
                    SystemTime {
                        tv_sec: 1457644509,
                        tv_nsec: 817998120,
                    },
                ),
                file_type: Some(
                    Directory,
                ),
                uid: Some(
                    1000,
                ),
                uname: None,
            },
        },
    ),
    Ok(
        Entry {
            path: "/./.mtree.go.swp",
            params: Params {
                checksum: None,
                device: None,
                contents: None,
                flags: Some(
                    [
                        110,
                        111,
                        110,
                        101,
                    ],
                ),
                gid: Some(
                    1000,
                ),
                gname: None,
                ignore: false,
                inode: None,
                link: None,
                md5: None,
                mode: Some(
                    FileMode {
                        mode: 420,
                    },
                ),
                nlink: Some(
                    1,
                ),
                no_change: false,
                optional: false,
                resident_device: None,
                rmd160: None,
                sha1: None,
                sha256: None,
                sha384: None,
                sha512: Some(
                    [
                        126,
                        253,
                        56,
                        204,
                        149,
                        123,
                        83,
                        227,
                        213,
                        171,
                        210,
                        94,
                        157,
                        249,
                        189,
                        231,
                        21,
                        165,
                        225,
                        141,
                        193,
                        138,
                        191,
                        168,
                        240,
                        192,
                        234,
                        169,
                        188,
                        160,
                        253,
                        163,
                        47,
                        170,
                        212,
                        151,
                        43,
                        212,
                        217,
                        181,
                        85,
                        39,
                        15,
                        163,
                        179,
                        185,
                        46,
                        106,
                        30,
                        151,
                        173,
                        30,
                        59,
                        255,
                        241,
                        79,
                        201,
                        51,
                        40,
                        64,
                        4,
                        247,
                        232,
                        211,
                    ],
                ),
                size: Some(
                    12288,
                ),
                time: Some(
                    SystemTime {
                        tv_sec: 1457644483,
                        tv_nsec: 833957552,
                    },
                ),
                file_type: Some(
                    File,
                ),
                uid: Some(
                    1000,
                ),
                uname: None,
            },
        },
    ),
    Ok(
        Entry {
            path: "/./.mtree_test.go.swp",
            params: Params {
                checksum: None,
                device: None,
                contents: None,
                flags: Some(
                    [
                        110,
                        111,
                        110,
                        101,
                    ],
                ),
                gid: Some(
                    1000,
                ),
                gname: None,
                ignore: false,
                inode: None,
                link: None,
                md5: None,
                mode: Some(
                    FileMode {
                        mode: 420,
                    },
                ),
                nlink: Some(
                    1,
                ),
                no_change: false,
                optional: false,
                resident_device: None,
                rmd160: None,
                sha1: None,
                sha256: None,
                sha384: None,
                sha512: Some(
                    [
                        42,
                        174,
                        177,
                        229,
                        240,
                        58,
                        86,
                        61,
                        232,
                        106,
                        76,
                        31,
                        114,
                        43,
                        222,
                        64,
                        49,
                        43,
                        190,
                        203,
                        228,
                        80,
                        77,
                        103,
                        251,
                        68,
                        18,
                        64,
                        192,
                        73,
                        230,
                        173,
                        17,
                        41,
                        78,
                        248,
                        52,
                        17,
                        74,
                        5,
                        230,
                        32,
                        163,
                        144,
                        238,
                        159,
                        66,
                        193,
                        199,
                        123,
                        67,
                        191,
                        26,
                        79,
                        45,
                        71,
                        241,
                        40,
                        34,
                        97,
                        131,
                        150,
                        138,
                        51,
                    ],
                ),
                size: Some(
                    12288,
                ),
                time: Some(
                    SystemTime {
                        tv_sec: 1457644509,
                        tv_nsec: 813998114,
                    },
                ),
                file_type: Some(
                    File,
                ),
                uid: Some(
                    1000,
                ),
                uname: None,
            },
        },
    ),
    Ok(
        Entry {
            path: "/./mtree.go",
            params: Params {
                checksum: None,
                device: None,
                contents: None,
                flags: Some(
                    [
                        110,
                        111,
                        110,
                        101,
                    ],
                ),
                gid: Some(
                    1000,
                ),
                gname: None,
                ignore: false,
                inode: None,
                link: None,
                md5: None,
                mode: Some(
                    FileMode {
                        mode: 436,
                    },
                ),
                nlink: Some(
                    1,
                ),
                no_change: false,
                optional: false,
                resident_device: None,
                rmd160: None,
                sha1: None,
                sha256: None,
                sha384: None,
                sha512: Some(
                    [
                        45,
                        238,
                        159,
                        80,
                        186,
                        22,
                        124,
                        217,
                        13,
                        79,
                        110,
                        132,
                        148,
                        212,
                        115,
                        92,
                        107,
                        6,
                        76,
                        39,
                        158,
                        164,
                        210,
                        110,
                        210,
                        196,
                        117,
                        82,
                        165,
                        192,
                        184,
                        43,
                        11,
                        220,
                        173,
                        178,
                        20,
                        224,
                        202,
                        145,
                        154,
                        23,
                        104,
                        206,
                        14,
                        50,
                        30,
                        141,
                        27,
                        183,
                        30,
                        172,
                        185,
                        197,
                        180,
                        187,
                        95,
                        212,
                        52,
                        41,
                        103,
                        5,
                        90,
                        4,
                    ],
                ),
                size: Some(
                    1719,
                ),
                time: Some(
                    SystemTime {
                        tv_sec: 1457644447,
                        tv_nsec: 20900074,
                    },
                ),
                file_type: Some(
                    File,
                ),
                uid: Some(
                    1000,
                ),
                uname: None,
            },
        },
    ),
    Ok(
        Entry {
            path: "/./mtree.go~",
            params: Params {
                checksum: None,
                device: None,
                contents: None,
                flags: Some(
                    [
                        110,
                        111,
                        110,
                        101,
                    ],
                ),
                gid: Some(
                    1000,
                ),
                gname: None,
                ignore: false,
                inode: None,
                link: None,
                md5: None,
                mode: Some(
                    FileMode {
                        mode: 436,
                    },
                ),
                nlink: Some(
                    1,
                ),
                no_change: false,
                optional: false,
                resident_device: None,
                rmd160: None,
                sha1: None,
                sha256: None,
                sha384: None,
                sha512: Some(
                    [
                        45,
                        238,
                        159,
                        80,
                        186,
                        22,
                        124,
                        217,
                        13,
                        79,
                        110,
                        132,
                        148,
                        212,
                        115,
                        92,
                        107,
                        6,
                        76,
                        39,
                        158,
                        164,
                        210,
                        110,
                        210,
                        196,
                        117,
                        82,
                        165,
                        192,
                        184,
                        43,
                        11,
                        220,
                        173,
                        178,
                        20,
                        224,
                        202,
                        145,
                        154,
                        23,
                        104,
                        206,
                        14,
                        50,
                        30,
                        141,
                        27,
                        183,
                        30,
                        172,
                        185,
                        197,
                        180,
                        187,
                        95,
                        212,
                        52,
                        41,
                        103,
                        5,
                        90,
                        4,
                    ],
                ),
                size: Some(
                    1719,
                ),
                time: Some(
                    SystemTime {
                        tv_sec: 1457644447,
                        tv_nsec: 12900062,
                    },
                ),
                file_type: Some(
                    File,
                ),
                uid: Some(
                    1000,
                ),
                uname: None,
            },
        },
    ),
    Ok(
        Entry {
            path: "/./mtree_test.go",
            params: Params {
                checksum: None,
                device: None,
                contents: None,
                flags: Some(
                    [
                        110,
                        111,
                        110,
                        101,
                    ],
                ),
                gid: Some(
                    1000,
                ),
                gname: None,
                ignore: false,
                inode: None,
                link: None,
                md5: None,
                mode: Some(
                    FileMode {
                        mode: 436,
                    },
                ),
                nlink: Some(
                    1,
                ),
                no_change: false,
                optional: false,
                resident_device: None,
                rmd160: None,
                sha1: None,
                sha256: None,
                sha384: None,
                sha512: Some(
                    [
                        27,
                        58,
                        178,
                        222,
                        39,
                        89,
                        223,
                        110,
                        125,
                        66,
                        77,
                        5,
                        255,
                        209,
                        212,
                        81,
                        1,
                        253,
                        16,
                        174,
                        134,
                        50,
                        138,
                        186,
                        209,
                        101,
                        126,
                        104,
                        4,
                        74,
                        221,
                        105,
                        216,
                        61,
                        107,
                        50,
                        113,
                        34,
                        80,
                        112,
                        244,
                        244,
                        21,
                        74,
                        124,
                        12,
                        153,
                        80,
                        22,
                        7,
                        127,
                        140,
                        121,
                        105,
                        137,
                        14,
                        6,
                        140,
                        208,
                        165,
                        75,
                        35,
                        244,
                        182,
                    ],
                ),
                size: Some(
                    581,
                ),
                time: Some(
                    SystemTime {
                        tv_sec: 1457644509,
                        tv_nsec: 817998120,
                    },
                ),
                file_type: Some(
                    File,
                ),
                uid: Some(
                    1000,
                ),
                uname: None,
            },
        },
    ),
    Ok(
        Entry {
            path: "/./mtree_test.go~",
            params: Params {
                checksum: None,
                device: None,
                contents: None,
                flags: Some(
                    [
                        110,
                        111,
                        110,
                        101,
                    ],
                ),
                gid: Some(
                    1000,
                ),
                gname: None,
                ignore: false,
                inode: None,
                link: None,
                md5: None,
                mode: Some(
                    FileMode {
                        mode: 436,
                    },
                ),
                nlink: Some(
                    1,
                ),
                no_change: false,
                optional: false,
                resident_device: None,
                rmd160: None,
                sha1: None,
                sha256: None,
                sha384: None,
                sha512: Some(
                    [
                        27,
                        58,
                        178,
                        222,
                        39,
                        89,
                        223,
                        110,
                        125,
                        66,
                        77,
                        5,
                        255,
                        209,
                        212,
                        81,
                        1,
                        253,
                        16,
                        174,
                        134,
                        50,
                        138,
                        186,
                        209,
                        101,
                        126,
                        104,
                        4,
                        74,
                        221,
                        105,
                        216,
                        61,
                        107,
                        50,
                        113,
                        34,
                        80,
                        112,
                        244,
                        244,
                        21,
                        74,
                        124,
                        12,
                        153,
                        80,
                        22,
                        7,
                        127,
                        140,
                        121,
                        105,
                        137,
                        14,
                        6,
                        140,
                        208,
                        165,
                        75,
                        35,
                        244,
                        182,
                    ],
                ),
                size: Some(
                    581,
                ),
                time: Some(
                    SystemTime {
                        tv_sec: 1457644509,
                        tv_nsec: 812998113,
                    },
                ),
                file_type: Some(
                    File,
                ),
                uid: Some(
                    1000,
                ),
                uname: None,
            },
        },
    ),
]
