---
source: crates/mtree2/tests/snapshots.rs
expression: entries
---
[
    Ok(
        Entry {
            path: "./.BUILDINFO",
            params: Params {
                checksum: None,
                device: None,
                contents: None,
                flags: None,
                gid: Some(
                    0,
                ),
                gname: None,
                ignore: false,
                inode: None,
                link: None,
                md5: None,
                mode: Some(
                    FileMode {
                        mode: 420,
                    },
                ),
                nlink: None,
                no_change: false,
                optional: false,
                resident_device: None,
                rmd160: None,
                sha1: None,
                sha256: Some(
                    [
                        169,
                        179,
                        151,
                        16,
                        89,
                        224,
                        9,
                        138,
                        225,
                        46,
                        48,
                        171,
                        231,
                        27,
                        101,
                        190,
                        180,
                        179,
                        131,
                        121,
                        254,
                        39,
                        67,
                        249,
                        102,
                        148,
                        20,
                        120,
                        152,
                        69,
                        85,
                        146,
                    ],
                ),
                sha384: None,
                sha512: None,
                size: Some(
                    6337,
                ),
                time: Some(
                    SystemTime {
                        tv_sec: 1745059978,
                        tv_nsec: 0,
                    },
                ),
                file_type: Some(
                    File,
                ),
                uid: Some(
                    0,
                ),
                uname: None,
            },
        },
    ),
    Ok(
        Entry {
            path: "./.PKGINFO",
            params: Params {
                checksum: None,
                device: None,
                contents: None,
                flags: None,
                gid: Some(
                    0,
                ),
                gname: None,
                ignore: false,
                inode: None,
                link: None,
                md5: None,
                mode: Some(
                    FileMode {
                        mode: 420,
                    },
                ),
                nlink: None,
                no_change: false,
                optional: false,
                resident_device: None,
                rmd160: None,
                sha1: None,
                sha256: Some(
                    [
                        88,
                        46,
                        160,
                        246,
                        231,
                        140,
                        1,
                        135,
                        153,
                        7,
                        152,
                        37,
                        133,
                        214,
                        202,
                        21,
                        218,
                        17,
                        37,
                        80,
                        13,
                        231,
                        132,
                        112,
                        105,
                        242,
                        211,
                        173,
                        238,
                        58,
                        29,
                        150,
                    ],
                ),
                sha384: None,
                sha512: None,
                size: Some(
                    679,
                ),
                time: Some(
                    SystemTime {
                        tv_sec: 1745059978,
                        tv_nsec: 0,
                    },
                ),
                file_type: Some(
                    File,
                ),
                uid: Some(
                    0,
                ),
                uname: None,
            },
        },
    ),
    Ok(
        Entry {
            path: "./usr",
            params: Params {
                checksum: None,
                device: None,
                contents: None,
                flags: None,
                gid: Some(
                    0,
                ),
                gname: None,
                ignore: false,
                inode: None,
                link: None,
                md5: None,
                mode: Some(
                    FileMode {
                        mode: 493,
                    },
                ),
                nlink: None,
                no_change: false,
                optional: false,
                resident_device: None,
                rmd160: None,
                sha1: None,
                sha256: None,
                sha384: None,
                sha512: None,
                size: None,
                time: Some(
                    SystemTime {
                        tv_sec: 1745059978,
                        tv_nsec: 0,
                    },
                ),
                file_type: Some(
                    Directory,
                ),
                uid: Some(
                    0,
                ),
                uname: None,
            },
        },
    ),
    Ok(
        Entry {
            path: "./usr/bin",
            params: Params {
                checksum: None,
                device: None,
                contents: None,
                flags: None,
                gid: Some(
                    0,
                ),
                gname: None,
                ignore: false,
                inode: None,
                link: None,
                md5: None,
                mode: Some(
                    FileMode {
                        mode: 493,
                    },
                ),
                nlink: None,
                no_change: false,
                optional: false,
                resident_device: None,
                rmd160: None,
                sha1: None,
                sha256: None,
                sha384: None,
                sha512: None,
                size: None,
                time: Some(
                    SystemTime {
                        tv_sec: 1745059978,
                        tv_nsec: 0,
                    },
                ),
                file_type: Some(
                    Directory,
                ),
                uid: Some(
                    0,
                ),
                uname: None,
            },
        },
    ),
    Ok(
        Entry {
            path: "./usr/bin/koi8rxterm",
            params: Params {
                checksum: None,
                device: None,
                contents: None,
                flags: None,
                gid: Some(
                    0,
                ),
                gname: None,
                ignore: false,
                inode: None,
                link: None,
                md5: None,
                mode: Some(
                    FileMode {
                        mode: 493,
                    },
                ),
                nlink: None,
                no_change: false,
                optional: false,
                resident_device: None,
                rmd160: None,
                sha1: None,
                sha256: Some(
                    [
                        184,
                        205,
                        201,
                        252,
                        162,
                        171,
                        12,
                        65,
                        255,
                        212,
                        60,
                        154,
                        48,
                        185,
                        33,
                        120,
                        140,
                        246,
                        137,
                        240,
                        136,
                        236,
                        90,
                        78,
                        175,
                        216,
                        252,
                        180,
                        18,
                        108,
                        93,
                        213,
                    ],
                ),
                sha384: None,
                sha512: None,
                size: Some(
                    3760,
                ),
                time: Some(
                    SystemTime {
                        tv_sec: 1745059978,
                        tv_nsec: 0,
                    },
                ),
                file_type: Some(
                    File,
                ),
                uid: Some(
                    0,
                ),
                uname: None,
            },
        },
    ),
    Ok(
        Entry {
            path: "./usr/bin/resize",
            params: Params {
                checksum: None,
                device: None,
                contents: None,
                flags: None,
                gid: Some(
                    0,
                ),
                gname: None,
                ignore: false,
                inode: None,
                link: None,
                md5: None,
                mode: Some(
                    FileMode {
                        mode: 493,
                    },
                ),
                nlink: None,
                no_change: false,
                optional: false,
                resident_device: None,
                rmd160: None,
                sha1: None,
                sha256: Some(
                    [
                        24,
                        242,
                        227,
                        142,
                        52,
                        129,
                        98,
                        154,
                        43,
                        129,
                        130,
                        29,
                        56,
                        238,
                        177,
                        105,
                        66,
                        150,
                        165,
                        33,
                        182,
                        124,
                        109,
                        72,
                        103,
                        19,
                        52,
                        54,
                        0,
                        183,
                        241,
                        37,
                    ],
                ),
                sha384: None,
                sha512: None,
                size: Some(
                    18536,
                ),
                time: Some(
                    SystemTime {
                        tv_sec: 1745059978,
                        tv_nsec: 0,
                    },
                ),
                file_type: Some(
                    File,
                ),
                uid: Some(
                    0,
                ),
                uname: None,
            },
        },
    ),
    Ok(
        Entry {
            path: "./usr/bin/uxterm",
            params: Params {
                checksum: None,
                device: None,
                contents: None,
                flags: None,
                gid: Some(
                    0,
                ),
                gname: None,
                ignore: false,
                inode: None,
                link: None,
                md5: None,
                mode: Some(
                    FileMode {
                        mode: 493,
                    },
                ),
                nlink: None,
                no_change: false,
                optional: false,
                resident_device: None,
                rmd160: None,
                sha1: None,
                sha256: Some(
                    [
                        29,
                        252,
                        160,
                        97,
                        58,
                        217,
                        156,
                        5,
                        215,
                        143,
                        26,
                        162,
                        85,
                        242,
                        99,
                        93,
                        80,
                        38,
                        7,
                        195,
                        19,
                        125,
                        49,
                        246,
                        90,
                        78,
                        80,
                        68,
                        3,
                        208,
                        190,
                        11,
                    ],
                ),
                sha384: None,
                sha512: None,
                size: Some(
                    4250,
                ),
                time: Some(
                    SystemTime {
                        tv_sec: 1745059978,
                        tv_nsec: 0,
                    },
                ),
                file_type: Some(
                    File,
                ),
                uid: Some(
                    0,
                ),
                uname: None,
            },
        },
    ),
    Ok(
        Entry {
            path: "./usr/bin/xterm",
            params: Params {
                checksum: None,
                device: None,
                contents: None,
                flags: None,
                gid: Some(
                    0,
                ),
                gname: None,
                ignore: false,
                inode: None,
                link: None,
                md5: None,
                mode: Some(
                    FileMode {
                        mode: 493,
                    },
                ),
                nlink: None,
                no_change: false,
                optional: false,
                resident_device: None,
                rmd160: None,
                sha1: None,
                sha256: Some(
                    [
                        193,
                        253,
                        106,
                        106,
                        20,
                        37,
                        196,
                        106,
                        203,
                        174,
                        56,
                        241,
                        140,
                        169,
                        249,
                        198,
                        81,
                        122,
                        98,
                        88,
                        12,
                        148,
                        195,
                        255,
                        245,
                        120,
                        240,
                        110,
                        97,
                        124,
                        143,
                        201,
                    ],
                ),
                sha384: None,
                sha512: None,
                size: Some(
                    878392,
                ),
                time: Some(
                    SystemTime {
                        tv_sec: 1745059978,
                        tv_nsec: 0,
                    },
                ),
                file_type: Some(
                    File,
                ),
                uid: Some(
                    0,
                ),
                uname: None,
            },
        },
    ),
    Ok(
        Entry {
            path: "./usr/share",
            params: Params {
                checksum: None,
                device: None,
                contents: None,
                flags: None,
                gid: Some(
                    0,
                ),
                gname: None,
                ignore: false,
                inode: None,
                link: None,
                md5: None,
                mode: Some(
                    FileMode {
                        mode: 493,
                    },
                ),
                nlink: None,
                no_change: false,
                optional: false,
                resident_device: None,
                rmd160: None,
                sha1: None,
                sha256: None,
                sha384: None,
                sha512: None,
                size: None,
                time: Some(
                    SystemTime {
                        tv_sec: 1745059978,
                        tv_nsec: 0,
                    },
                ),
                file_type: Some(
                    Directory,
                ),
                uid: Some(
                    0,
                ),
                uname: None,
            },
        },
    ),
    Ok(
        Entry {
            path: "./usr/share/X11",
            params: Params {
                checksum: None,
                device: None,
                contents: None,
                flags: None,
                gid: Some(
                    0,
                ),
                gname: None,
                ignore: false,
                inode: None,
                link: None,
                md5: None,
                mode: Some(
                    FileMode {
                        mode: 493,
                    },
                ),
                nlink: None,
                no_change: false,
                optional: false,
                resident_device: None,
                rmd160: None,
                sha1: None,
                sha256: None,
                sha384: None,
                sha512: None,
                size: None,
                time: Some(
                    SystemTime {
                        tv_sec: 1745059978,
                        tv_nsec: 0,
                    },
                ),
                file_type: Some(
                    Directory,
                ),
                uid: Some(
                    0,
                ),
                uname: None,
            },
        },
    ),
    Ok(
        Entry {
            path: "./usr/share/X11/app-defaults",
            params: Params {
                checksum: None,
                device: None,
                contents: None,
                flags: None,
                gid: Some(
                    0,
                ),
                gname: None,
                ignore: false,
                inode: None,
                link: None,
                md5: None,
                mode: Some(
                    FileMode {
                        mode: 493,
                    },
                ),
                nlink: None,
                no_change: false,
                optional: false,
                resident_device: None,
                rmd160: None,
                sha1: None,
                sha256: None,
                sha384: None,
                sha512: None,
                size: None,
                time: Some(
                    SystemTime {
                        tv_sec: 1745059978,
                        tv_nsec: 0,
                    },
                ),
                file_type: Some(
                    Directory,
                ),
                uid: Some(
                    0,
                ),
                uname: None,
            },
        },
    ),
    Ok(
        Entry {
            path: "./usr/share/X11/app-defaults/KOI8RXTerm",
            params: Params {
                checksum: None,
                device: None,
                contents: None,
                flags: None,
                gid: Some(
                    0,
                ),
                gname: None,
                ignore: false,
                inode: None,
                link: None,
                md5: None,
                mode: Some(
                    FileMode {
                        mode: 420,
                    },
                ),
                nlink: None,
                no_change: false,
                optional: false,
                resident_device: None,
                rmd160: None,
                sha1: None,
                sha256: Some(
                    [
                        200,
                        133,
                        246,
                        44,
                        30,
                        177,
                        113,
                        111,
                        14,
                        177,
                        11,
                        149,
                        236,
                        103,
                        223,
                        235,
                        177,
                        128,
                        238,
                        215,
                        141,
                        158,
                        11,
                        184,
                        25,
                        47,
                        237,
                        241,
                        236,
                        140,
                        197,
                        112,
                    ],
                ),
                sha384: None,
                sha512: None,
                size: Some(
                    2400,
                ),
                time: Some(
                    SystemTime {
                        tv_sec: 1745059978,
                        tv_nsec: 0,
                    },
                ),
                file_type: Some(
                    File,
                ),
                uid: Some(
                    0,
                ),
                uname: None,
            },
        },
    ),
    Ok(
        Entry {
            path: "./usr/share/X11/app-defaults/KOI8RXTerm-color",
            params: Params {
                checksum: None,
                device: None,
                contents: None,
                flags: None,
                gid: Some(
                    0,
                ),
                gname: None,
                ignore: false,
                inode: None,
                link: None,
                md5: None,
                mode: Some(
                    FileMode {
                        mode: 420,
                    },
                ),
                nlink: None,
                no_change: false,
                optional: false,
                resident_device: None,
                rmd160: None,
                sha1: None,
                sha256: Some(
                    [
                        85,
                        215,
                        252,
                        41,
                        234,
                        137,
                        205,
                        136,
                        89,
                        1,
                        89,
                        50,
                        58,
                        122,
                        229,
                        25,
                        134,
                        102,
                        108,
                        7,
                        26,
                        58,
                        83,
                        156,
                        19,
                        1,
                        50,
                        224,
                        36,
                        71,
                        230,
                        199,
                    ],
                ),
                sha384: None,
                sha512: None,
                size: Some(
                    5836,
                ),
                time: Some(
                    SystemTime {
                        tv_sec: 1745059978,
                        tv_nsec: 0,
                    },
                ),
                file_type: Some(
                    File,
                ),
                uid: Some(
                    0,
                ),
                uname: None,
            },
        },
    ),
    Ok(
        Entry {
            path: "./usr/share/X11/app-defaults/UXTerm",
            params: Params {
                checksum: None,
                device: None,
                contents: None,
                flags: None,
                gid: Some(
                    0,
                ),
                gname: None,
                ignore: false,
                inode: None,
                link: None,
                md5: None,
                mode: Some(
                    FileMode {
                        mode: 420,
                    },
                ),
                nlink: None,
                no_change: false,
                optional: false,
                resident_device: None,
                rmd160: None,
                sha1: None,
                sha256: Some(
                    [
                        57,
                        41,
                        160,
                        107,
                        8,
                        34,
                        14,
                        177,
                        24,
                        147,
                        42,
                        80,
                        84,
                        189,
                        173,
                        6,
                        57,
                        199,
                        187,
                        148,
                        186,
                        157,
                        55,
                        27,
                        8,
                        188,
                        180,
                        136,
                        47,
                        127,
                        81,
                        53,
                    ],
                ),
                sha384: None,
                sha512: None,
                size: Some(
                    3685,
                ),
                time: Some(
                    SystemTime {
                        tv_sec: 1745059978,
                        tv_nsec: 0,
                    },
                ),
                file_type: Some(
                    File,
                ),
                uid: Some(
                    0,
                ),
                uname: None,
            },
        },
    ),
    Ok(
        Entry {
            path: "./usr/share/X11/app-defaults/UXTerm-color",
            params: Params {
                checksum: None,
                device: None,
                contents: None,
                flags: None,
                gid: Some(
                    0,
                ),
                gname: None,
                ignore: false,
                inode: None,
                link: None,
                md5: None,
                mode: Some(
                    FileMode {
                        mode: 420,
                    },
                ),
                nlink: None,
                no_change: false,
                optional: false,
                resident_device: None,
                rmd160: None,
                sha1: None,
                sha256: Some(
                    [
                        60,
                        183,
                        125,
                        21,
                        116,
                        133,
                        184,
                        167,
                        76,
                        147,
                        70,
                        5,
                        150,
                        181,
                        126,
                        226,
                        140,
                        52,
                        140,
                        119,
                        87,
                        154,
                        23,
                        3,
                        131,
                        159,
                        160,
                        69,
                        141,
                        185,
                        48,
                        72,
                    ],
                ),
                sha384: None,
                sha512: None,
                size: Some(
                    5828,
                ),
                time: Some(
                    SystemTime {
                        tv_sec: 1745059978,
                        tv_nsec: 0,
                    },
                ),
                file_type: Some(
                    File,
                ),
                uid: Some(
                    0,
                ),
                uname: None,
            },
        },
    ),
    Ok(
        Entry {
            path: "./usr/share/X11/app-defaults/XTerm",
            params: Params {
                checksum: None,
                device: None,
                contents: None,
                flags: None,
                gid: Some(
                    0,
                ),
                gname: None,
                ignore: false,
                inode: None,
                link: None,
                md5: None,
                mode: Some(
                    FileMode {
                        mode: 420,
                    },
                ),
                nlink: None,
                no_change: false,
                optional: false,
                resident_device: None,
                rmd160: None,
                sha1: None,
                sha256: Some(
                    [
                        9,
                        159,
                        110,
                        182,
                        147,
                        143,
                        88,
                        66,
                        222,
                        78,
                        45,
                        97,
                        215,
                        6,
                        58,
                        50,
                        20,
                        91,
                        44,
                        169,
                        240,
                        153,
                        40,
                        36,
                        197,
                        77,
                        253,
                        22,
                        108,
                        85,
                        14,
                        184,
                    ],
                ),
                sha384: None,
                sha512: None,
                size: Some(
                    10940,
                ),
                time: Some(
                    SystemTime {
                        tv_sec: 1745059978,
                        tv_nsec: 0,
                    },
                ),
                file_type: Some(
                    File,
                ),
                uid: Some(
                    0,
                ),
                uname: None,
            },
        },
    ),
    Ok(
        Entry {
            path: "./usr/share/X11/app-defaults/XTerm-color",
            params: Params {
                checksum: None,
                device: None,
                contents: None,
                flags: None,
                gid: Some(
                    0,
                ),
                gname: None,
                ignore: false,
                inode: None,
                link: None,
                md5: None,
                mode: Some(
                    FileMode {
                        mode: 420,
                    },
                ),
                nlink: None,
                no_change: false,
                optional: false,
                resident_device: None,
                rmd160: None,
                sha1: None,
                sha256: Some(
                    [
                        177,
                        251,
                        122,
                        189,
                        220,
                        16,
                        232,
                        142,
                        77,
                        192,
                        196,
                        232,
                        68,
                        214,
                        131,
                        21,
                        178,
                        88,
                        56,
                        123,
                        2,
                        189,
                        103,
                        147,
                        143,
                        46,
                        156,
                        13,
                        253,
                        171,
                        162,
                        163,
                    ],
                ),
                sha384: None,
                sha512: None,
                size: Some(
                    5826,
                ),
                time: Some(
                    SystemTime {
                        tv_sec: 1745059978,
                        tv_nsec: 0,
                    },
                ),
                file_type: Some(
                    File,
                ),
                uid: Some(
                    0,
                ),
                uname: None,
            },
        },
    ),
    Ok(
        Entry {
            path: "./usr/share/applications",
            params: Params {
                checksum: None,
                device: None,
                contents: None,
                flags: None,
                gid: Some(
                    0,
                ),
                gname: None,
                ignore: false,
                inode: None,
                link: None,
                md5: None,
                mode: Some(
                    FileMode {
                        mode: 493,
                    },
                ),
                nlink: None,
                no_change: false,
                optional: false,
                resident_device: None,
                rmd160: None,
                sha1: None,
                sha256: None,
                sha384: None,
                sha512: None,
                size: None,
                time: Some(
                    SystemTime {
                        tv_sec: 1745059978,
                        tv_nsec: 0,
                    },
                ),
                file_type: Some(
                    Directory,
                ),
                uid: Some(
                    0,
                ),
                uname: None,
            },
        },
    ),
    Ok(
        Entry {
            path: "./usr/share/applications/uxterm.desktop",
            params: Params {
                checksum: None,
                device: None,
                contents: None,
                flags: None,
                gid: Some(
                    0,
                ),
                gname: None,
                ignore: false,
                inode: None,
                link: None,
                md5: None,
                mode: Some(
                    FileMode {
                        mode: 420,
                    },
                ),
                nlink: None,
                no_change: false,
                optional: false,
                resident_device: None,
                rmd160: None,
                sha1: None,
                sha256: Some(
                    [
                        100,
                        186,
                        104,
                        46,
                        203,
                        85,
                        5,
                        7,
                        135,
                        180,
                        240,
                        153,
                        209,
                        239,
                        92,
                        143,
                        225,
                        134,
                        40,
                        13,
                        121,
                        186,
                        160,
                        129,
                        37,
                        156,
                        252,
                        67,
                        153,
                        241,
                        244,
                        91,
                    ],
                ),
                sha384: None,
                sha512: None,
                size: Some(
                    1934,
                ),
                time: Some(
                    SystemTime {
                        tv_sec: 1745059978,
                        tv_nsec: 0,
                    },
                ),
                file_type: Some(
                    File,
                ),
                uid: Some(
                    0,
                ),
                uname: None,
            },
        },
    ),
    Ok(
        Entry {
            path: "./usr/share/applications/xterm.desktop",
            params: Params {
                checksum: None,
                device: None,
                contents: None,
                flags: None,
                gid: Some(
                    0,
                ),
                gname: None,
                ignore: false,
                inode: None,
                link: None,
                md5: None,
                mode: Some(
                    FileMode {
                        mode: 420,
                    },
                ),
                nlink: None,
                no_change: false,
                optional: false,
                resident_device: None,
                rmd160: None,
                sha1: None,
                sha256: Some(
                    [
                        30,
                        71,
                        79,
                        218,
                        127,
                        30,
                        189,
                        253,
                        28,
                        101,
                        27,
                        30,
                        93,
                        122,
                        146,
                        137,
                        88,
                        204,
                        247,
                        156,
                        126,
                        114,
                        66,
                        171,
                        136,
                        124,
                        151,
                        198,
                        59,
                        122,
                        166,
                        110,
                    ],
                ),
                sha384: None,
                sha512: None,
                size: Some(
                    1942,
                ),
                time: Some(
                    SystemTime {
                        tv_sec: 1745059978,
                        tv_nsec: 0,
                    },
                ),
                file_type: Some(
                    File,
                ),
                uid: Some(
                    0,
                ),
                uname: None,
            },
        },
    ),
    Ok(
        Entry {
            path: "./usr/share/licenses",
            params: Params {
                checksum: None,
                device: None,
                contents: None,
                flags: None,
                gid: Some(
                    0,
                ),
                gname: None,
                ignore: false,
                inode: None,
                link: None,
                md5: None,
                mode: Some(
                    FileMode {
                        mode: 493,
                    },
                ),
                nlink: None,
                no_change: false,
                optional: false,
                resident_device: None,
                rmd160: None,
                sha1: None,
                sha256: None,
                sha384: None,
                sha512: None,
                size: None,
                time: Some(
                    SystemTime {
                        tv_sec: 1745059978,
                        tv_nsec: 0,
                    },
                ),
                file_type: Some(
                    Directory,
                ),
                uid: Some(
                    0,
                ),
                uname: None,
            },
        },
    ),
    Ok(
        Entry {
            path: "./usr/share/licenses/xterm",
            params: Params {
                checksum: None,
                device: None,
                contents: None,
                flags: None,
                gid: Some(
                    0,
                ),
                gname: None,
                ignore: false,
                inode: None,
                link: None,
                md5: None,
                mode: Some(
                    FileMode {
                        mode: 493,
                    },
                ),
                nlink: None,
                no_change: false,
                optional: false,
                resident_device: None,
                rmd160: None,
                sha1: None,
                sha256: None,
                sha384: None,
                sha512: None,
                size: None,
                time: Some(
                    SystemTime {
                        tv_sec: 1745059978,
                        tv_nsec: 0,
                    },
                ),
                file_type: Some(
                    Directory,
                ),
                uid: Some(
                    0,
                ),
                uname: None,
            },
        },
    ),
    Ok(
        Entry {
            path: "./usr/share/licenses/xterm/COPYING",
            params: Params {
                checksum: None,
                device: None,
                contents: None,
                flags: None,
                gid: Some(
                    0,
                ),
                gname: None,
                ignore: false,
                inode: None,
                link: None,
                md5: None,
                mode: Some(
                    FileMode {
                        mode: 420,
                    },
                ),
                nlink: None,
                no_change: false,
                optional: false,
                resident_device: None,
                rmd160: None,
                sha1: None,
                sha256: Some(
                    [
                        85,
                        75,
                        157,
                        206,
                        176,
                        192,
                        38,
                        240,
                        59,
                        1,
                        128,
                        20,
                        234,
                        241,
                        223,
                        74,
                        113,
                        33,
                        181,
                        155,
                        10,
                        25,
                        22,
                        193,
                        117,
                        69,
                        70,
                        237,
                        210,
                        252,
                        68,
                        11,
                    ],
                ),
                sha384: None,
                sha512: None,
                size: Some(
                    3754,
                ),
                time: Some(
                    SystemTime {
                        tv_sec: 1745059978,
                        tv_nsec: 0,
                    },
                ),
                file_type: Some(
                    File,
                ),
                uid: Some(
                    0,
                ),
                uname: None,
            },
        },
    ),
    Ok(
        Entry {
            path: "./usr/share/man",
            params: Params {
                checksum: None,
                device: None,
                contents: None,
                flags: None,
                gid: Some(
                    0,
                ),
                gname: None,
                ignore: false,
                inode: None,
                link: None,
                md5: None,
                mode: Some(
                    FileMode {
                        mode: 493,
                    },
                ),
                nlink: None,
                no_change: false,
                optional: false,
                resident_device: None,
                rmd160: None,
                sha1: None,
                sha256: None,
                sha384: None,
                sha512: None,
                size: None,
                time: Some(
                    SystemTime {
                        tv_sec: 1745059978,
                        tv_nsec: 0,
                    },
                ),
                file_type: Some(
                    Directory,
                ),
                uid: Some(
                    0,
                ),
                uname: None,
            },
        },
    ),
    Ok(
        Entry {
            path: "./usr/share/man/man1",
            params: Params {
                checksum: None,
                device: None,
                contents: None,
                flags: None,
                gid: Some(
                    0,
                ),
                gname: None,
                ignore: false,
                inode: None,
                link: None,
                md5: None,
                mode: Some(
                    FileMode {
                        mode: 493,
                    },
                ),
                nlink: None,
                no_change: false,
                optional: false,
                resident_device: None,
                rmd160: None,
                sha1: None,
                sha256: None,
                sha384: None,
                sha512: None,
                size: None,
                time: Some(
                    SystemTime {
                        tv_sec: 1745059978,
                        tv_nsec: 0,
                    },
                ),
                file_type: Some(
                    Directory,
                ),
                uid: Some(
                    0,
                ),
                uname: None,
            },
        },
    ),
    Ok(
        Entry {
            path: "./usr/share/man/man1/koi8rxterm.1.gz",
            params: Params {
                checksum: None,
                device: None,
                contents: None,
                flags: None,
                gid: Some(
                    0,
                ),
                gname: None,
                ignore: false,
                inode: None,
                link: None,
                md5: None,
                mode: Some(
                    FileMode {
                        mode: 420,
                    },
                ),
                nlink: None,
                no_change: false,
                optional: false,
                resident_device: None,
                rmd160: None,
                sha1: None,
                sha256: Some(
                    [
                        20,
                        204,
                        239,
                        218,
                        237,
                        40,
                        20,
                        173,
                        95,
                        44,
                        92,
                        90,
                        65,
                        159,
                        139,
                        138,
                        106,
                        207,
                        207,
                        227,
                        113,
                        53,
                        26,
                        22,
                        6,
                        206,
                        255,
                        246,
                        140,
                        201,
                        18,
                        200,
                    ],
                ),
                sha384: None,
                sha512: None,
                size: Some(
                    1785,
                ),
                time: Some(
                    SystemTime {
                        tv_sec: 1745059978,
                        tv_nsec: 0,
                    },
                ),
                file_type: Some(
                    File,
                ),
                uid: Some(
                    0,
                ),
                uname: None,
            },
        },
    ),
    Ok(
        Entry {
            path: "./usr/share/man/man1/resize.1.gz",
            params: Params {
                checksum: None,
                device: None,
                contents: None,
                flags: None,
                gid: Some(
                    0,
                ),
                gname: None,
                ignore: false,
                inode: None,
                link: None,
                md5: None,
                mode: Some(
                    FileMode {
                        mode: 420,
                    },
                ),
                nlink: None,
                no_change: false,
                optional: false,
                resident_device: None,
                rmd160: None,
                sha1: None,
                sha256: Some(
                    [
                        106,
                        63,
                        80,
                        66,
                        131,
                        36,
                        169,
                        70,
                        42,
                        191,
                        14,
                        117,
                        217,
                        11,
                        60,
                        195,
                        189,
                        85,
                        233,
                        182,
                        252,
                        123,
                        225,
                        129,
                        123,
                        238,
                        235,
                        249,
                        231,
                        216,
                        62,
                        143,
                    ],
                ),
                sha384: None,
                sha512: None,
                size: Some(
                    3388,
                ),
                time: Some(
                    SystemTime {
                        tv_sec: 1745059978,
                        tv_nsec: 0,
                    },
                ),
                file_type: Some(
                    File,
                ),
                uid: Some(
                    0,
                ),
                uname: None,
            },
        },
    ),
    Ok(
        Entry {
            path: "./usr/share/man/man1/uxterm.1.gz",
            params: Params {
                checksum: None,
                device: None,
                contents: None,
                flags: None,
                gid: Some(
                    0,
                ),
                gname: None,
                ignore: false,
                inode: None,
                link: None,
                md5: None,
                mode: Some(
                    FileMode {
                        mode: 420,
                    },
                ),
                nlink: None,
                no_change: false,
                optional: false,
                resident_device: None,
                rmd160: None,
                sha1: None,
                sha256: Some(
                    [
                        247,
                        214,
                        196,
                        180,
                        189,
                        207,
                        233,
                        121,
                        182,
                        51,
                        47,
                        170,
                        214,
                        189,
                        66,
                        39,
                        176,
                        77,
                        186,
                        133,
                        143,
                        62,
                        48,
                        85,
                        139,
                        9,
                        67,
                        246,
                        34,
                        86,
                        113,
                        158,
                    ],
                ),
                sha384: None,
                sha512: None,
                size: Some(
                    1704,
                ),
                time: Some(
                    SystemTime {
                        tv_sec: 1745059978,
                        tv_nsec: 0,
                    },
                ),
                file_type: Some(
                    File,
                ),
                uid: Some(
                    0,
                ),
                uname: None,
            },
        },
    ),
    Ok(
        Entry {
            path: "./usr/share/man/man1/xterm.1.gz",
            params: Params {
                checksum: None,
                device: None,
                contents: None,
                flags: None,
                gid: Some(
                    0,
                ),
                gname: None,
                ignore: false,
                inode: None,
                link: None,
                md5: None,
                mode: Some(
                    FileMode {
                        mode: 420,
                    },
                ),
                nlink: None,
                no_change: false,
                optional: false,
                resident_device: None,
                rmd160: None,
                sha1: None,
                sha256: Some(
                    [
                        47,
                        120,
                        74,
                        135,
                        177,
                        117,
                        94,
                        26,
                        181,
                        153,
                        78,
                        2,
                        160,
                        105,
                        146,
                        235,
                        180,
                        5,
                        185,
                        212,
                        181,
                        117,
                        196,
                        77,
                        124,
                        133,
                        204,
                        139,
                        65,
                        159,
                        8,
                        19,
                    ],
                ),
                sha384: None,
                sha512: None,
                size: Some(
                    90260,
                ),
                time: Some(
                    SystemTime {
                        tv_sec: 1745059978,
                        tv_nsec: 0,
                    },
                ),
                file_type: Some(
                    File,
                ),
                uid: Some(
                    0,
                ),
                uname: None,
            },
        },
    ),
    Ok(
        Entry {
            path: "./usr/share/pixmaps",
            params: Params {
                checksum: None,
                device: None,
                contents: None,
                flags: None,
                gid: Some(
                    0,
                ),
                gname: None,
                ignore: false,
                inode: None,
                link: None,
                md5: None,
                mode: Some(
                    FileMode {
                        mode: 493,
                    },
                ),
                nlink: None,
                no_change: false,
                optional: false,
                resident_device: None,
                rmd160: None,
                sha1: None,
                sha256: None,
                sha384: None,
                sha512: None,
                size: None,
                time: Some(
                    SystemTime {
                        tv_sec: 1745059978,
                        tv_nsec: 0,
                    },
                ),
                file_type: Some(
                    Directory,
                ),
                uid: Some(
                    0,
                ),
                uname: None,
            },
        },
    ),
    Ok(
        Entry {
            path: "./usr/share/pixmaps/filled-xterm_16x16.xpm",
            params: Params {
                checksum: None,
                device: None,
                contents: None,
                flags: None,
                gid: Some(
                    0,
                ),
                gname: None,
                ignore: false,
                inode: None,
                link: None,
                md5: None,
                mode: Some(
                    FileMode {
                        mode: 420,
                    },
                ),
                nlink: None,
                no_change: false,
                optional: false,
                resident_device: None,
                rmd160: None,
                sha1: None,
                sha256: Some(
                    [
                        212,
                        43,
                        55,
                        59,
                        60,
                        233,
                        87,
                        230,
                        43,
                        105,
                        206,
                        57,
                        9,
                        129,
                        64,
                        131,
                        143,
                        250,
                        135,
                        39,
                        202,
                        224,
                        167,
                        73,
                        190,
                        78,
                        31,
                        62,
                        35,
                        166,
                        144,
                        179,
                    ],
                ),
                sha384: None,
                sha512: None,
                size: Some(
                    2402,
                ),
                time: Some(
                    SystemTime {
                        tv_sec: 1745059978,
                        tv_nsec: 0,
                    },
                ),
                file_type: Some(
                    File,
                ),
                uid: Some(
                    0,
                ),
                uname: None,
            },
        },
    ),
    Ok(
        Entry {
            path: "./usr/share/pixmaps/filled-xterm_32x32.xpm",
            params: Params {
                checksum: None,
                device: None,
                contents: None,
                flags: None,
                gid: Some(
                    0,
                ),
                gname: None,
                ignore: false,
                inode: None,
                link: None,
                md5: None,
                mode: Some(
                    FileMode {
                        mode: 420,
                    },
                ),
                nlink: None,
                no_change: false,
                optional: false,
                resident_device: None,
                rmd160: None,
                sha1: None,
                sha256: Some(
                    [
                        239,
                        130,
                        31,
                        13,
                        194,
                        125,
                        97,
                        89,
                        140,
                        90,
                        78,
                        26,
                        246,
                        39,
                        148,
                        171,
                        62,
                        249,
                        243,
                        55,
                        92,
                        114,
                        52,
                        17,
                        149,
                        85,
                        185,
                        167,
                        61,
                        106,
                        200,
                        151,
                    ],
                ),
                sha384: None,
                sha512: None,
                size: Some(
                    5842,
                ),
                time: Some(
                    SystemTime {
                        tv_sec: 1745059978,
                        tv_nsec: 0,
                    },
                ),
                file_type: Some(
                    File,
                ),
                uid: Some(
                    0,
                ),
                uname: None,
            },
        },
    ),
    Ok(
        Entry {
            path: "./usr/share/pixmaps/filled-xterm_48x48.xpm",
            params: Params {
                checksum: None,
                device: None,
                contents: None,
                flags: None,
                gid: Some(
                    0,
                ),
                gname: None,
                ignore: false,
                inode: None,
                link: None,
                md5: None,
                mode: Some(
                    FileMode {
                        mode: 420,
                    },
                ),
                nlink: None,
                no_change: false,
                optional: false,
                resident_device: None,
                rmd160: None,
                sha1: None,
                sha256: Some(
                    [
                        172,
                        48,
                        173,
                        139,
                        98,
                        74,
                        197,
                        38,
                        102,
                        162,
                        203,
                        144,
                        59,
                        43,
                        145,
                        76,
                        22,
                        152,
                        243,
                        255,
                        152,
                        64,
                        36,
                        113,
                        2,
                        135,
                        2,
                        133,
                        165,
                        80,
                        149,
                        22,
                    ],
                ),
                sha384: None,
                sha512: None,
                size: Some(
                    8802,
                ),
                time: Some(
                    SystemTime {
                        tv_sec: 1745059978,
                        tv_nsec: 0,
                    },
                ),
                file_type: Some(
                    File,
                ),
                uid: Some(
                    0,
                ),
                uname: None,
            },
        },
    ),
    Ok(
        Entry {
            path: "./usr/share/pixmaps/mini.xterm_16x16.xpm",
            params: Params {
                checksum: None,
                device: None,
                contents: None,
                flags: None,
                gid: Some(
                    0,
                ),
                gname: None,
                ignore: false,
                inode: None,
                link: None,
                md5: None,
                mode: Some(
                    FileMode {
                        mode: 420,
                    },
                ),
                nlink: None,
                no_change: false,
                optional: false,
                resident_device: None,
                rmd160: None,
                sha1: None,
                sha256: Some(
                    [
                        130,
                        59,
                        111,
                        124,
                        219,
                        170,
                        159,
                        211,
                        181,
                        149,
                        168,
                        190,
                        178,
                        24,
                        7,
                        213,
                        5,
                        15,
                        188,
                        199,
                        252,
                        88,
                        246,
                        128,
                        218,
                        237,
                        33,
                        65,
                        162,
                        229,
                        186,
                        157,
                    ],
                ),
                sha384: None,
                sha512: None,
                size: Some(
                    1643,
                ),
                time: Some(
                    SystemTime {
                        tv_sec: 1745059978,
                        tv_nsec: 0,
                    },
                ),
                file_type: Some(
                    File,
                ),
                uid: Some(
                    0,
                ),
                uname: None,
            },
        },
    ),
    Ok(
        Entry {
            path: "./usr/share/pixmaps/mini.xterm_32x32.xpm",
            params: Params {
                checksum: None,
                device: None,
                contents: None,
                flags: None,
                gid: Some(
                    0,
                ),
                gname: None,
                ignore: false,
                inode: None,
                link: None,
                md5: None,
                mode: Some(
                    FileMode {
                        mode: 420,
                    },
                ),
                nlink: None,
                no_change: false,
                optional: false,
                resident_device: None,
                rmd160: None,
                sha1: None,
                sha256: Some(
                    [
                        163,
                        93,
                        143,
                        203,
                        146,
                        69,
                        132,
                        182,
                        199,
                        142,
                        131,
                        245,
                        247,
                        176,
                        250,
                        73,
                        211,
                        50,
                        178,
                        166,
                        207,
                        143,
                        176,
                        74,
                        86,
                        41,
                        217,
                        44,
                        140,
                        226,
                        59,
                        252,
                    ],
                ),
                sha384: None,
                sha512: None,
                size: Some(
                    4528,
                ),
                time: Some(
                    SystemTime {
                        tv_sec: 1745059978,
                        tv_nsec: 0,
                    },
                ),
                file_type: Some(
                    File,
                ),
                uid: Some(
                    0,
                ),
                uname: None,
            },
        },
    ),
    Ok(
        Entry {
            path: "./usr/share/pixmaps/mini.xterm_48x48.xpm",
            params: Params {
                checksum: None,
                device: None,
                contents: None,
                flags: None,
                gid: Some(
                    0,
                ),
                gname: None,
                ignore: false,
                inode: None,
                link: None,
                md5: None,
                mode: Some(
                    FileMode {
                        mode: 420,
                    },
                ),
                nlink: None,
                no_change: false,
                optional: false,
                resident_device: None,
                rmd160: None,
                sha1: None,
                sha256: Some(
                    [
                        15,
                        238,
                        98,
                        109,
                        4,
                        4,
                        71,
                        178,
                        247,
                        18,
                        50,
                        241,
                        45,
                        56,
                        107,
                        198,
                        230,
                        52,
                        142,
                        172,
                        103,
                        176,
                        49,
                        167,
                        159,
                        52,
                        246,
                        46,
                        69,
                        235,
                        241,
                        71,
                    ],
                ),
                sha384: None,
                sha512: None,
                size: Some(
                    8272,
                ),
                time: Some(
                    SystemTime {
                        tv_sec: 1745059978,
                        tv_nsec: 0,
                    },
                ),
                file_type: Some(
                    File,
                ),
                uid: Some(
                    0,
                ),
                uname: None,
            },
        },
    ),
    Ok(
        Entry {
            path: "./usr/share/pixmaps/xterm-color_16x16.xpm",
            params: Params {
                checksum: None,
                device: None,
                contents: None,
                flags: None,
                gid: Some(
                    0,
                ),
                gname: None,
                ignore: false,
                inode: None,
                link: None,
                md5: None,
                mode: Some(
                    FileMode {
                        mode: 420,
                    },
                ),
                nlink: None,
                no_change: false,
                optional: false,
                resident_device: None,
                rmd160: None,
                sha1: None,
                sha256: Some(
                    [
                        165,
                        61,
                        152,
                        76,
                        164,
                        53,
                        14,
                        12,
                        196,
                        16,
                        134,
                        208,
                        0,
                        40,
                        220,
                        114,
                        46,
                        128,
                        109,
                        70,
                        38,
                        196,
                        15,
                        9,
                        120,
                        65,
                        245,
                        90,
                        153,
                        100,
                        35,
                        244,
                    ],
                ),
                sha384: None,
                sha512: None,
                size: Some(
                    1584,
                ),
                time: Some(
                    SystemTime {
                        tv_sec: 1745059978,
                        tv_nsec: 0,
                    },
                ),
                file_type: Some(
                    File,
                ),
                uid: Some(
                    0,
                ),
                uname: None,
            },
        },
    ),
    Ok(
        Entry {
            path: "./usr/share/pixmaps/xterm-color_32x32.xpm",
            params: Params {
                checksum: None,
                device: None,
                contents: None,
                flags: None,
                gid: Some(
                    0,
                ),
                gname: None,
                ignore: false,
                inode: None,
                link: None,
                md5: None,
                mode: Some(
                    FileMode {
                        mode: 420,
                    },
                ),
                nlink: None,
                no_change: false,
                optional: false,
                resident_device: None,
                rmd160: None,
                sha1: None,
                sha256: Some(
                    [
                        51,
                        80,
                        162,
                        41,
                        19,
                        204,
                        22,
                        71,
                        156,
                        132,
                        212,
                        0,
                        134,
                        255,
                        188,
                        86,
                        126,
                        15,
                        156,
                        62,
                        239,
                        225,
                        15,
                        158,
                        55,
                        198,
                        135,
                        0,
                        90,
                        9,
                        249,
                        46,
                    ],
                ),
                sha384: None,
                sha512: None,
                size: Some(
                    2116,
                ),
                time: Some(
                    SystemTime {
                        tv_sec: 1745059978,
                        tv_nsec: 0,
                    },
                ),
                file_type: Some(
                    File,
                ),
                uid: Some(
                    0,
                ),
                uname: None,
            },
        },
    ),
    Ok(
        Entry {
            path: "./usr/share/pixmaps/xterm-color_48x48.xpm",
            params: Params {
                checksum: None,
                device: None,
                contents: None,
                flags: None,
                gid: Some(
                    0,
                ),
                gname: None,
                ignore: false,
                inode: None,
                link: None,
                md5: None,
                mode: Some(
                    FileMode {
                        mode: 420,
                    },
                ),
                nlink: None,
                no_change: false,
                optional: false,
                resident_device: None,
                rmd160: None,
                sha1: None,
                sha256: Some(
                    [
                        6,
                        51,
                        237,
                        23,
                        177,
                        161,
                        203,
                        193,
                        178,
                        235,
                        71,
                        62,
                        6,
                        185,
                        61,
                        221,
                        209,
                        148,
                        68,
                        173,
                        126,
                        188,
                        237,
                        105,
                        61,
                        189,
                        34,
                        76,
                        253,
                        6,
                        4,
                        46,
                    ],
                ),
                sha384: None,
                sha512: None,
                size: Some(
                    2710,
                ),
                time: Some(
                    SystemTime {
                        tv_sec: 1745059978,
                        tv_nsec: 0,
                    },
                ),
                file_type: Some(
                    File,
                ),
                uid: Some(
                    0,
                ),
                uname: None,
            },
        },
    ),
    Ok(
        Entry {
            path: "./usr/share/pixmaps/xterm_16x16.xpm",
            params: Params {
                checksum: None,
                device: None,
                contents: None,
                flags: None,
                gid: Some(
                    0,
                ),
                gname: None,
                ignore: false,
                inode: None,
                link: None,
                md5: None,
                mode: Some(
                    FileMode {
                        mode: 420,
                    },
                ),
                nlink: None,
                no_change: false,
                optional: false,
                resident_device: None,
                rmd160: None,
                sha1: None,
                sha256: Some(
                    [
                        105,
                        165,
                        69,
                        94,
                        65,
                        112,
                        218,
                        9,
                        188,
                        30,
                        33,
                        55,
                        167,
                        248,
                        145,
                        111,
                        135,
                        144,
                        221,
                        146,
                        166,
                        148,
                        154,
                        198,
                        236,
                        250,
                        159,
                        24,
                        134,
                        158,
                        83,
                        31,
                    ],
                ),
                sha384: None,
                sha512: None,
                size: Some(
                    407,
                ),
                time: Some(
                    SystemTime {
                        tv_sec: 1745059978,
                        tv_nsec: 0,
                    },
                ),
                file_type: Some(
                    File,
                ),
                uid: Some(
                    0,
                ),
                uname: None,
            },
        },
    ),
    Ok(
        Entry {
            path: "./usr/share/pixmaps/xterm_32x32.xpm",
            params: Params {
                checksum: None,
                device: None,
                contents: None,
                flags: None,
                gid: Some(
                    0,
                ),
                gname: None,
                ignore: false,
                inode: None,
                link: None,
                md5: None,
                mode: Some(
                    FileMode {
                        mode: 420,
                    },
                ),
                nlink: None,
                no_change: false,
                optional: false,
                resident_device: None,
                rmd160: None,
                sha1: None,
                sha256: Some(
                    [
                        67,
                        150,
                        33,
                        206,
                        17,
                        136,
                        24,
                        191,
                        0,
                        144,
                        117,
                        14,
                        233,
                        107,
                        248,
                        12,
                        61,
                        107,
                        17,
                        31,
                        54,
                        105,
                        157,
                        83,
                        139,
                        193,
                        81,
                        27,
                        163,
                        32,
                        85,
                        230,
                    ],
                ),
                sha384: None,
                sha512: None,
                size: Some(
                    1239,
                ),
                time: Some(
                    SystemTime {
                        tv_sec: 1745059978,
                        tv_nsec: 0,
                    },
                ),
                file_type: Some(
                    File,
                ),
                uid: Some(
                    0,
                ),
                uname: None,
            },
        },
    ),
    Ok(
        Entry {
            path: "./usr/share/pixmaps/xterm_48x48.xpm",
            params: Params {
                checksum: None,
                device: None,
                contents: None,
                flags: None,
                gid: Some(
                    0,
                ),
                gname: None,
                ignore: false,
                inode: None,
                link: None,
                md5: None,
                mode: Some(
                    FileMode {
                        mode: 420,
                    },
                ),
                nlink: None,
                no_change: false,
                optional: false,
                resident_device: None,
                rmd160: None,
                sha1: None,
                sha256: Some(
                    [
                        31,
                        225,
                        175,
                        248,
                        96,
                        180,
                        117,
                        138,
                        39,
                        50,
                        211,
                        214,
                        161,
                        89,
                        65,
                        49,
                        148,
                        2,
                        113,
                        73,
                        81,
                        152,
                        21,
                        31,
                        82,
                        5,
                        244,
                        24,
                        98,
                        227,
                        163,
                        149,
                    ],
                ),
                sha384: None,
                sha512: None,
                size: Some(
                    2583,
                ),
                time: Some(
                    SystemTime {
                        tv_sec: 1745059978,
                        tv_nsec: 0,
                    },
                ),
                file_type: Some(
                    File,
                ),
                uid: Some(
                    0,
                ),
                uname: None,
            },
        },
    ),
]
